// Jest Snapshot v1, https://goo.gl/fbAQLP

exports[`header组件 样式测试是否有被修改 1`] = `
<div
  className="header"
>
  <div
    className="header-content"
  >
    <div>
      TodoList
    </div>
    <input
      data-test="input"
      onChange={[Function]}
      onKeyUp={[Function]}
      placeholder="Add ToDo"
      type="text"
      value=""
    />
  </div>
</div>
`;
